=========================================================================
   STEP 3C-4 Gate C4-C: 电流增益校正与可辨识性仿真单元测试 (C1 ~ C4)
=========================================================================

>>> [OK] 被测增益校准器入口已就绪: C:\Users\Lenovo\Desktop\论文\早期\论文\起重机\output\step3_adaptive_rls\step3c_gain_calibrator.m

-------------------------------------------------------------------------
>>> [Subtest C1] 开始对称系统标定源绑定测试 (真值 r=1.00, Delta_Kf=0)...
    [OK] Subtest C1 验收通过: 对称系统虚假 Delta_Kf=3.87e-06 N/ct <= 1.0e-5 N/ct!

-------------------------------------------------------------------------
>>> [Subtest C2] 开始强不对称物理保持与真实推力系数辨识检验 (r=0.70 / r=1.30)...
      - [ORACLE r=0.70] Delta_Kf真值=-1.6170e-03, 估计值=-1.6170e-03, 相对误差=0.0000% -> PASS
      - [EXTERNAL r=0.70] Delta_Kf真值=-1.6170e-03, 估计值=-1.6216e-03, 相对误差=0.2859% -> PASS
      - [ASSUMPTION_ONLY r=0.70] 状态: ASSUMPTION_ONLY, 严禁用于主闭环 -> PASS
      - [ORACLE r=1.30] Delta_Kf真值=+1.6170e-03, 估计值=+1.6170e-03, 相对误差=0.0000% -> PASS
      - [EXTERNAL r=1.30] Delta_Kf真值=+1.6170e-03, 估计值=+1.6107e-03, 相对误差=0.3868% -> PASS
      - [ASSUMPTION_ONLY r=1.30] 状态: ASSUMPTION_ONLY, 严禁用于主闭环 -> PASS
    [OK] Subtest C2 验收通过: ORACLE/EXTERNAL 真实 Delta_Kf 符号与误差通过, RELATIVE_BALANCE_ASSUMED 严格限定为不可辨识假设支线!

-------------------------------------------------------------------------
>>> [Subtest C3] 开始增益差模敏感度与严格三阶分区判定测试 (MC N=100, sigma_i=5.0 counts)...
    分区定义: 0.05% (设计区), 0.10% (临界边界), 0.50% (超标拦截)
      - [Zone 1: 0.05% MC100] P95增益误差=2.5999e-04, P95虚假Delta_Kf=4.2617e-06 N/ct (门限 1.0e-05) -> PASS
      - [Zone 2: 0.10% (Boundary MC100)] P95增益误差=2.5066e-04, P95虚假Delta_Kf=6.7972e-06 N/ct (门限 1.0e-05) -> PASS (Within Margin)
      - [Zone 3: 0.50% (Over-range MC100)] 超标捕获率: 100/100, did_update=0: 100/100, 锁存率: 100/100 -> PASS (Rigidly Intercepted)
    [OK] Subtest C3 验收通过: 严格三阶分区判定生效 (0.05%合格, 0.10%临界明确报告, 0.50%刚性拦截)!

-------------------------------------------------------------------------
>>> [Subtest C4] 开始异常保护、低激励拦截、故障锁存与显式 reset 测试...
    [OK] Subtest C4 验收通过: 饱和、低激励、NaN、未确认时延、故障锁存防御与显式 reset 机制全数达标!

-------------------------------------------------------------------------
>>> 正在导出 Gate C4-C 完整结果表: C:\Users\Lenovo\Desktop\论文\早期\论文\起重机\output\step3_adaptive_rls\step3c_c4c_gain_results.csv
    [OK] CSV 写入完成，共计 17 行 x 22 列
>>> 执行 CSV 全部 22 列 100% 逐元素严格内存回读校验...
    [OK] CSV 全部 22 列 100% 逐元素严格回读断言全数通过!

=========================================================================
   Gate C4-C (C4-C-SIM) 纯仿真单元测试结论: 全部 PASS
=========================================================================
   Subtest C1 (对称系统标定源绑定): 虚假 Delta_Kf=3.87e-06 N/ct <= 1.0e-5 N/ct [PASS]
   Subtest C2 (强不对称物理保持界定): ORACLE/EXTERNAL 真实 Delta_Kf 符号正确, 误差<=5% [PASS]
                                  RELATIVE_BALANCE_ASSUMED 严格限定为不可辨识假设支线 [PASS]
   Subtest C3 (增益差模三阶分区判定): MC100 带噪: 0.05%达标, 0.10%临界明确报告, 0.50%刚性拦截 [PASS]
   Subtest C4 (异常保护、锁存与reset): 饱和/NaN/时延未确认故障锁存, 正常输入偷跑拦截, 显式reset成功 [PASS]
   数据治理与完整回读:              CSV 17 行 x 22 列 100% 逐元素回读一致 [PASS]
=========================================================================
