=========================================================================
   STEP 3C-3: D0 Oracle 校正、D0b 配对消融与 D1 时滞因果对齐基准测试
=========================================================================

>>> 执行严格红线闭环控制器隔离检查...
    [OK] 确认本模块为纯离线开环回放敏度分析，绝未接入 controller_c3a 或 SyncAlloc
>>> 检查公共 RK4 单步动力学求解器 gantry_dynamics_step_rk4.m...
    [OK] 唯一公共 RK4 入口已就绪: C:\Users\Lenovo\Desktop\论文\早期\论文\起重机\output\step3_adaptive_rls\..\common\gantry_dynamics_step_rk4.m

>>> 从权威参数源 param_init.m 读取硬件限幅参数...
    [OK] 权威标称硬件限幅校验通过: Imax = 16000.0 counts

>>> 正在预生成 100 个 trial 的基础扰动与严格配对白噪声序列...
    [OK] 100 个 trial 基础配置与白噪声矩阵生成完毕 (严格配对保障就绪)

=========================================================================
>>> [Part 1] 执行 Test D0: Oracle 电流通道校正评测 (Monte Carlo N = 100)
    校正公式: i_corr = (i_meas - i_bias) / (1 + delta_g)
    保留扰动: 随机高斯白噪声、CAN通信与测量时滞、光栅尺量化
=========================================================================

--- [D0 Oracle] 统计指标与判据核验 (N = 100) ---
    - P95(|Delta_Kf_hat|)   : 6.2393e-06 N/count (门槛 <= 1.0e-5) -> [PASS]
    - 有符号中位数 median     : +4.1829e-07 N/count
    - 绝对误差中位数 abs_med  : 1.8929e-06 N/count (门槛 <= 5.0e-6) -> [PASS]
    - 最大前馈偏离 max|gamma-1|: 0.0695% (门槛 <= 0.50%) -> [PASS]
    - 虚假偏航力矩最大 RMS   : 3.9363e-03 Nm (门槛 <= 0.010 Nm) -> [PASS]
    - 超标时间比例均值 time_exceed:  7.67% (门槛 <= 5.00%) -> [FAIL]
    - 终点估计超标试验比例   :  0.00% (0/100, 辅助诊断)
  [D0 时间游程证据]:
    - 最长单次连续超标时间 P95 : 0.184 s
    - 前半段 (t < 1.0s) 超标均比: 19.52%
    - 后半段 (t >= 1.0s) 超标均比:  3.14%
    - 首次超标时刻中位数        : 0.502 s
    - 最后超标时刻中位数        : 0.623 s

--- [D0 Oracle] 4 种最差确定性差模工况检验 ---
    [Diff_Gain_+2%_-2%] theta_hat = +1.5968e-07 | gamma_dev = 0.0013% | rms_comp = 7.3065e-05 Nm | 判定: [PASS]
    [Diff_Gain_-2%_+2%] theta_hat = +1.5968e-07 | gamma_dev = 0.0013% | rms_comp = 7.3065e-05 Nm | 判定: [PASS]
    [Diff_Delay_1ms_2ms] theta_hat = +2.9454e-07 | gamma_dev = 0.0024% | rms_comp = 1.3477e-04 Nm | 判定: [PASS]
    [Diff_Delay_2ms_1ms] theta_hat = -1.4994e-07 | gamma_dev = 0.0012% | rms_comp = 6.8609e-05 Nm | 判定: [PASS]

=========================================================================
   [D0 Oracle 综合正式判定]: [ORACLE_FAIL_TIME_RATIO] (未达标，严禁调高门槛，如实定性)
=========================================================================
>>> 正在导出确定性工况表: C:\Users\Lenovo\Desktop\论文\早期\论文\起重机\output\step3_adaptive_rls\step3c_part3_oracle_deterministic_results.csv
    [OK] 确定性工况表导出与回读断言 100% 成立!
>>> 正在导出 Oracle 结果表: C:\Users\Lenovo\Desktop\论文\早期\论文\起重机\output\step3_adaptive_rls\step3c_part3_oracle_results.csv
    [OK] Oracle 结果表回读一致性断言 100% 成立!

=========================================================================
>>> [Part 2] 执行 Test D0b: 六分支严格配对消融分析 (N = 100)
    保障机制: 采用固定标准正态白噪声序列，杜绝分支抽样破坏随机数序列
=========================================================================

  >>> 分支 A: D0b-A (Full Oracle Baseline) <<<
      超标时间比例均值 time_exceed :  7.67% (门槛 <= 5.00%) -> [FAIL]
      前半段 (t < 1.0s) 超标均比   : 19.52%
      后半段 (t >= 1.0s) 超标均比  :  3.14%
      最长超标持续时间 P95        : 0.184 s
      终点估计 P95(|theta|)       : 6.2393e-06 N/ct (门槛 <= 1.0e-5)
      终点估计中位数 median        : 1.8929e-06 N/ct (门槛 <= 5.0e-6)
      PE 门控激活比例均值          : 1.0000

  >>> 分支 B: D0b-B (sigma_y_L/R = 0, keep quant) <<<
      超标时间比例均值 time_exceed :  5.32% (门槛 <= 5.00%) -> [FAIL]
      前半段 (t < 1.0s) 超标均比   : 15.32%
      后半段 (t >= 1.0s) 超标均比  :  1.49%
      最长超标持续时间 P95        : 0.138 s
      终点估计 P95(|theta|)       : 2.5701e-06 N/ct (门槛 <= 1.0e-5)
      终点估计中位数 median        : 1.0200e-06 N/ct (门槛 <= 5.0e-6)
      PE 门控激活比例均值          : 1.0000

  >>> 分支 C: D0b-C (quant_res = 0, keep sigma_y) <<<
      超标时间比例均值 time_exceed :  7.49% (门槛 <= 5.00%) -> [FAIL]
      前半段 (t < 1.0s) 超标均比   : 18.96%
      后半段 (t >= 1.0s) 超标均比  :  3.10%
      最长超标持续时间 P95        : 0.181 s
      终点估计 P95(|theta|)       : 6.7450e-06 N/ct (门槛 <= 1.0e-5)
      终点估计中位数 median        : 2.0658e-06 N/ct (门槛 <= 5.0e-6)
      PE 门控激活比例均值          : 1.0000

  >>> 分支 D: D0b-D (sigma_i_L/R = 0, Strictly Paired) <<<
      超标时间比例均值 time_exceed :  7.43% (门槛 <= 5.00%) -> [FAIL]
      前半段 (t < 1.0s) 超标均比   : 19.28%
      后半段 (t >= 1.0s) 超标均比  :  2.89%
      最长超标持续时间 P95        : 0.192 s
      终点估计 P95(|theta|)       : 6.5510e-06 N/ct (门槛 <= 1.0e-5)
      终点估计中位数 median        : 1.5274e-06 N/ct (门槛 <= 5.0e-6)
      PE 门控激活比例均值          : 1.0000

  >>> 分支 E: D0b-E (d_meas_L/R = 0) <<<
      超标时间比例均值 time_exceed :  2.31% (门槛 <= 5.00%) -> [PASS]
      前半段 (t < 1.0s) 超标均比   :  5.19%
      后半段 (t >= 1.0s) 超标均比  :  1.21%
      最长超标持续时间 P95        : 0.174 s
      终点估计 P95(|theta|)       : 6.1424e-06 N/ct (门槛 <= 1.0e-5)
      终点估计中位数 median        : 2.0701e-06 N/ct (门槛 <= 5.0e-6)
      PE 门控激活比例均值          : 1.0000

  >>> 分支 F: D0b-F (All noise/quant OFF) <<<
      超标时间比例均值 time_exceed :  5.25% (门槛 <= 5.00%) -> [FAIL]
      前半段 (t < 1.0s) 超标均比   : 15.23%
      后半段 (t >= 1.0s) 超标均比  :  1.42%
      最长超标持续时间 P95        : 0.139 s
      终点估计 P95(|theta|)       : 1.1182e-06 N/ct (门槛 <= 1.0e-5)
      终点估计中位数 median        : 3.4735e-07 N/ct (门槛 <= 5.0e-6)
      PE 门控激活比例均值          : 1.0000

>>> 正在导出 D0b 消融汇总表: C:\Users\Lenovo\Desktop\论文\早期\论文\起重机\output\step3_adaptive_rls\step3c_part3_d0b_ablation_results.csv
    [OK] D0b 消融汇总表导出与回读断言 100% 成立!

=========================================================================
>>> [Part 3] 执行 Test D1: 时滞解耦与因果时间戳对齐 (N = 100)
    目标: 解耦公共时滞与左右通道差分时滞，验证因果时间戳对齐
=========================================================================

  >>> 分支 A: D1-A (Original Random Delays, Baseline) <<<
      超标时间比例均值 time_exceed :  7.67% (门槛 <= 5.00%) -> [FAIL]
      前半段 (t < 1.0s) 超标均比   : 19.52%
      后半段 (t >= 1.0s) 超标均比  :  3.14%
      最长超标持续时间 P95        : 0.184 s
      终点估计 P95(|theta|)       : 6.2393e-06 N/ct (门槛 <= 1.0e-5)
      终点估计中位数 median        : 1.8929e-06 N/ct (门槛 <= 5.0e-6)
      最大前馈偏离 max|gamma-1|   : 0.0695% (门槛 <= 0.50%)
      虚假诱导偏航力矩最大 RMS    : 3.9363e-03 Nm (门槛 <= 0.010 Nm)
      PE 门控激活比例均值          : 1.0000
      综合状态判定                : [ORACLE_FAIL_TIME_RATIO]

  >>> 分支 B: D1-B (Common 1ms / 1ms, Diff=0) <<<
      超标时间比例均值 time_exceed :  2.51% (门槛 <= 5.00%) -> [PASS]
      前半段 (t < 1.0s) 超标均比   :  7.06%
      后半段 (t >= 1.0s) 超标均比  :  0.76%
      最长超标持续时间 P95        : 0.156 s
      终点估计 P95(|theta|)       : 6.2749e-06 N/ct (门槛 <= 1.0e-5)
      终点估计中位数 median        : 2.0450e-06 N/ct (门槛 <= 5.0e-6)
      最大前馈偏离 max|gamma-1|   : 0.0727% (门槛 <= 0.50%)
      虚假诱导偏航力矩最大 RMS    : 4.1169e-03 Nm (门槛 <= 0.010 Nm)
      PE 门控激活比例均值          : 1.0000
      综合状态判定                : [PASS]

  >>> 分支 C: D1-C (Common 2ms / 2ms, Diff=0) <<<
      超标时间比例均值 time_exceed :  3.39% (门槛 <= 5.00%) -> [PASS]
      前半段 (t < 1.0s) 超标均比   :  9.45%
      后半段 (t >= 1.0s) 超标均比  :  1.07%
      最长超标持续时间 P95        : 0.175 s
      终点估计 P95(|theta|)       : 6.2271e-06 N/ct (门槛 <= 1.0e-5)
      终点估计中位数 median        : 1.9616e-06 N/ct (门槛 <= 5.0e-6)
      最大前馈偏离 max|gamma-1|   : 0.0695% (门槛 <= 0.50%)
      虚假诱导偏航力矩最大 RMS    : 3.9363e-03 Nm (门槛 <= 0.010 Nm)
      PE 门控激活比例均值          : 1.0000
      综合状态判定                : [PASS]

  >>> 分支 D: D1-D (Per-trial max(dL, dR), Diff=0) <<<
      超标时间比例均值 time_exceed :  3.08% (门槛 <= 5.00%) -> [PASS]
      前半段 (t < 1.0s) 超标均比   :  8.54%
      后半段 (t >= 1.0s) 超标均比  :  0.99%
      最长超标持续时间 P95        : 0.155 s
      终点估计 P95(|theta|)       : 6.3086e-06 N/ct (门槛 <= 1.0e-5)
      终点估计中位数 median        : 1.8857e-06 N/ct (门槛 <= 5.0e-6)
      最大前馈偏离 max|gamma-1|   : 0.0695% (门槛 <= 0.50%)
      虚假诱导偏航力矩最大 RMS    : 3.9363e-03 Nm (门槛 <= 0.010 Nm)
      PE 门控激活比例均值          : 1.0000
      综合状态判定                : [PASS]

  >>> 分支 E: D1-E (Causal Timestamp Alignment) <<<
      超标时间比例均值 time_exceed :  2.34% (门槛 <= 5.00%) -> [PASS]
      前半段 (t < 1.0s) 超标均比   :  5.24%
      后半段 (t >= 1.0s) 超标均比  :  1.23%
      最长超标持续时间 P95        : 0.180 s
      终点估计 P95(|theta|)       : 6.1529e-06 N/ct (门槛 <= 1.0e-5)
      终点估计中位数 median        : 2.0782e-06 N/ct (门槛 <= 5.0e-6)
      最大前馈偏离 max|gamma-1|   : 0.0760% (门槛 <= 0.50%)
      虚假诱导偏航力矩最大 RMS    : 4.2942e-03 Nm (门槛 <= 0.010 Nm)
      PE 门控激活比例均值          : 1.0000
      综合状态判定                : [PASS]

>>> 正在导出 D1 时滞解耦结果表: C:\Users\Lenovo\Desktop\论文\早期\论文\起重机\output\step3_adaptive_rls\step3c_part3_d1_delay_decoupling_results.csv
    [OK] D1 时滞解耦结果表导出与回读断言 100% 成立!
>>> 正在导出 D1 时间序列瞬态分布表: C:\Users\Lenovo\Desktop\论文\早期\论文\起重机\output\step3_adaptive_rls\step3c_part3_d1_timeseries.csv
    [OK] D1 时间序列瞬态分布表导出与回读断言 100% 成立!

